h24353
s 00013/00000/00000
d D 5.1 90/06/25 15:38:15 bostic 1 0
c date and time created 90/06/25 15:38:15 by bostic
e
u
U
t
T
I 1
reading symbolic information ...
int *a;
[1] stop at 10
[1] stopped in p at line 10
   10       a[3] = i;
(0, 1, 2, 3, 4, 5, 6, 7, 8, 9) 
stopped in p at line 11
   11       a[4] = j;
4 4 5 
stopped in p at line 12
   12   }
(0, 1, 2, 4, 5, 5, 6, 7, 8, 9) 

E 1
