h28801
s 00008/00000/00000
d D 5.1 90/06/25 15:38:40 bostic 1 0
c date and time created 90/06/25 15:38:40 by bostic
e
u
U
t
T
I 1
reading symbolic information ...
source file "same.c"
[1] stop in same.same
[1] stopped in same.same at line 10
   10       printf("same function and module names\n");
same.same(), line 10 in "same.c"
main(0x1, 0xbfffe7e8, 0xbfffe7f0), line 15 in "same.c"

E 1
