h21238
s 00050/00000/00000
d D 5.1 90/06/25 15:38:43 bostic 1 0
c date and time created 90/06/25 15:38:43 by bostic
e
u
U
t
T
I 1
reading symbolic information ...

Quit in kill at 0x13c
0000013c  bgequ	132

Quit in kill at 0x13c
0000013c  bgequ	132
in catch
in secondcatch
back in catch
back in main

execution completed (exit code 13)
in catch
in secondcatch
back in catch
back in main

execution completed (exit code 13)
[3] stop in catch
[3] stopped in catch at line 19
   19       printf("in catch\n");
stopped in catch at line 19
   19       printf("in catch\n");
[5] stop in secondcatch
[5] stopped in secondcatch at line 28
   28       printf("in secondcatch\n");
in catch
in secondcatch
back in catch
back in main

execution completed (exit code 13)
HUP QUIT KILL ALRM TSTP CONT CHLD WINCH

Quit in kill at 0x13c
0000013c  bgequ	132
[3] stopped in catch at line 19
   19       printf("in catch\n");

Quit in kill at 0x13c
0000013c  bgequ	132
[5] stopped in secondcatch at line 28
   28       printf("in secondcatch\n");
in catch
in secondcatch
back in catch
back in main

execution completed (exit code 13)
E 1
