h15843
s 00005/00000/00000
d D 5.1 90/06/25 15:38:46 bostic 1 0
c date and time created 90/06/25 15:38:46 by bostic
e
u
U
t
T
I 1
reading symbolic information ...
about to sleepdone

execution completed (exit code 5)

E 1
