h25412
s 00007/00000/00000
d D 5.1 90/06/25 15:38:51 bostic 1 0
c date and time created 90/06/25 15:38:51 by bostic
e
u
U
t
T
I 1
reading symbolic information ...
[using memory image in strings.core]
abort() at 0xe6
f(s = "parameter test"), line 15 in "strings.c"
main(0x1, 0xbfffe35c, 0xbfffe364), line 9 in "strings.c"
"this is a test" 

E 1
