h10975
s 00002/00000/00000
d D 5.1 90/06/25 15:38:58 bostic 1 0
c date and time created 90/06/25 15:38:58 by bostic
e
u
U
t
T
I 1
reading symbolic information ...

E 1
