h16683
s 00007/00000/00000
d D 5.1 90/06/25 15:39:01 bostic 1 0
c date and time created 90/06/25 15:39:01 by bostic
e
u
U
t
T
I 1
reading symbolic information ...
[1] stop at 10
[1] stopped in main at line 10
   10   }
(a = 0, s = 65535, b = 0) 
65535 

E 1
