.IS
.IE

.IS
...maxx 2.000000
...maxy 1.000000
...minx -2.000000
...miny -4.000000
...center 0.000000 -4.000000 'version 0
...line 0.000000 1.000000 -1.000000 0.000000
...line 1.000000 0.000000 0.000000 1.000000
...line -1.000000 0.000000 1.000000 0.000000
...line 2.000000 0.000000 1.000000 0.000000
...line -1.000000 0.000000 -2.000000 0.000000
.IE
.IS
...maxx 1.000000
...maxy 1.000000
...minx -1.000000
...miny -4.000000
...center 0.000000 -4.000000 'version 1
...line 0.000000 1.000000 -1.000000 0.000000
...line 1.000000 0.000000 0.000000 1.000000
...line -1.000000 0.000000 1.000000 0.000000
.IE
.IS
...maxx 2.000000
...maxy 1.000000
...minx -2.000000
...miny -4.000000
...center 0.000000 -4.000000 'version 2
...line 0.000000 1.000000 -1.000000 0.000000
...line 1.000000 0.000000 0.000000 1.000000
...line -1.000000 0.000000 1.000000 0.000000
...line -2.000000 0.000000 -1.000000 0.000000
...line 1.000000 0.000000 2.000000 0.000000
.IE
.IS
...maxx 1.000000
...maxy 1.000000
...minx -1.000000
...miny -4.000000
...center 0.000000 -4.000000 'version 3
...line 0.000000 1.000000 -1.000000 0.000000
...line 1.000000 0.000000 0.000000 1.000000
...line -1.000000 0.000000 1.000000 0.000000
.IE
.IS
...maxx 1.000000
...maxy 1.000000
...minx -2.000000
...miny -4.000000
...center 0.000000 -4.000000 'version 4
...line 0.000000 1.000000 -1.000000 0.000000
...line 1.000000 0.000000 0.000000 1.000000
...line -1.000000 0.000000 1.000000 0.000000
...line -1.000000 0.000000 -2.000000 0.000000
.IE
.IS
...maxx 1.000000
...maxy 1.000000
...minx -1.000000
...miny -4.000000
...center 0.000000 -4.000000 'version 5
...line 0.000000 1.000000 -1.000000 0.000000
...line 1.000000 0.000000 0.000000 1.000000
...line -1.000000 0.000000 1.000000 0.000000
.IE
.IS
...maxx 1.000000
...maxy 1.000000
...minx -2.000000
...miny -4.000000
...center 0.000000 -4.000000 'version 6
...line 0.000000 1.000000 -1.000000 0.000000
...line 1.000000 0.000000 0.000000 1.000000
...line -1.000000 0.000000 1.000000 0.000000
...line -2.000000 0.000000 -1.000000 0.000000
.IE
.IS
...maxx 1.000000
...maxy 1.000000
...minx -1.000000
...miny -4.000000
...center 0.000000 -4.000000 'version 7
...line 0.000000 1.000000 -1.000000 0.000000
...line 1.000000 0.000000 0.000000 1.000000
...line -1.000000 0.000000 1.000000 0.000000
.IE
.IS
...maxx 1.000000
...maxy 1.000000
...minx -1.000000
...miny -4.000000
...center 0.000000 -4.000000 'version 8
...line 0.000000 1.000000 -1.000000 0.000000
...line 1.000000 0.000000 0.000000 1.000000
...line -1.000000 0.000000 1.000000 0.000000
.IE
.IS
...maxx 1.000000
...maxy 1.000000
...minx -1.000000
...miny -4.000000
...center 0.000000 -4.000000 'version 9
...line 0.000000 1.000000 -1.000000 0.000000
...line 1.000000 0.000000 0.000000 1.000000
...line -1.000000 0.000000 1.000000 0.000000
.IE
.IS
...maxx 1.000000
...maxy 1.000000
...minx -1.000000
...miny -4.000000
...center 0.000000 -4.000000 'version 10
...line 0.000000 1.000000 -1.000000 0.000000
...line 1.000000 0.000000 0.000000 1.000000
...line -1.000000 0.000000 1.000000 0.000000
.IE
.IS
...maxx 1.000000
...maxy 1.000000
...minx -1.000000
...miny -4.000000
...center 0.000000 -4.000000 'version 11
...line 0.000000 1.000000 -1.000000 0.000000
...line 1.000000 0.000000 0.000000 1.000000
...line -1.000000 0.000000 1.000000 0.000000
.IE
.IS
...maxx 1.000000
...maxy 2.000000
...minx -1.000000
...miny -4.000000
...center 0.000000 -4.000000 'version 12
...line 0.000000 1.000000 -1.000000 0.000000
...line 1.000000 0.000000 0.000000 1.000000
...line -1.000000 0.000000 1.000000 0.000000
...line 0.000000 -1.000000 0.000000 0.000000
...line 0.000000 1.000000 0.000000 2.000000
.IE
.IS
...maxx 1.000000
...maxy 1.000000
...minx -1.000000
...miny -4.000000
...center 0.000000 -4.000000 'version 13
...line 0.000000 1.000000 -1.000000 0.000000
...line 1.000000 0.000000 0.000000 1.000000
...line -1.000000 0.000000 1.000000 0.000000
...line 0.000000 0.000000 0.000000 1.000000
.IE
.IS
...maxx 1.000000
...maxy 2.000000
...minx -1.000000
...miny -4.000000
...center 0.000000 -4.000000 'version 14
...line 0.000000 1.000000 -1.000000 0.000000
...line 1.000000 0.000000 0.000000 1.000000
...line -1.000000 0.000000 1.000000 0.000000
...line 0.000000 2.000000 0.000000 1.000000
...line 0.000000 -0.000000 0.000000 -1.000000
.IE
.IS
...maxx 1.000000
...maxy 1.000000
...minx -1.000000
...miny -4.000000
...center 0.000000 -4.000000 'version 15
...line 0.000000 1.000000 -1.000000 0.000000
...line 1.000000 0.000000 0.000000 1.000000
...line -1.000000 0.000000 1.000000 0.000000
...line 0.000000 1.000000 0.000000 -0.000000
.IE
.IS
...maxx 1.000000
...maxy 2.000000
...minx -1.000000
...miny -4.000000
...center 0.000000 -4.000000 'version 16
...line 0.000000 1.000000 -1.000000 0.000000
...line 1.000000 0.000000 0.000000 1.000000
...line -1.000000 0.000000 1.000000 0.000000
...line 0.000000 1.000000 0.000000 2.000000
.IE
.IS
...maxx 1.000000
...maxy 1.000000
...minx -1.000000
...miny -4.000000
...center 0.000000 -4.000000 'version 17
...line 0.000000 1.000000 -1.000000 0.000000
...line 1.000000 0.000000 0.000000 1.000000
...line -1.000000 0.000000 1.000000 0.000000
...line 0.000000 0.000000 0.000000 1.000000
.IE
.IS
...maxx 1.000000
...maxy 2.000000
...minx -1.000000
...miny -4.000000
...center 0.000000 -4.000000 'version 18
...line 0.000000 1.000000 -1.000000 0.000000
...line 1.000000 0.000000 0.000000 1.000000
...line -1.000000 0.000000 1.000000 0.000000
...line 0.000000 2.000000 0.000000 1.000000
.IE
.IS
...maxx 1.000000
...maxy 1.000000
...minx -1.000000
...miny -4.000000
...center 0.000000 -4.000000 'version 19
...line 0.000000 1.000000 -1.000000 0.000000
...line 1.000000 0.000000 0.000000 1.000000
...line -1.000000 0.000000 1.000000 0.000000
...line 0.000000 1.000000 0.000000 0.000000
.IE
.IS
...maxx 1.000000
...maxy 1.000000
...minx -1.000000
...miny -4.000000
...center 0.000000 -4.000000 'version 20
...line 0.000000 1.000000 -1.000000 0.000000
...line 1.000000 0.000000 0.000000 1.000000
...line -1.000000 0.000000 1.000000 0.000000
.IE
.IS
...maxx 1.000000
...maxy 1.000000
...minx -1.000000
...miny -4.000000
...center 0.000000 -4.000000 'version 21
...line 0.000000 1.000000 -1.000000 0.000000
...line 1.000000 0.000000 0.000000 1.000000
...line -1.000000 0.000000 1.000000 0.000000
...line 0.000000 0.000000 0.000000 1.000000
.IE
.IS
...maxx 1.000000
...maxy 1.000000
...minx -1.000000
...miny -4.000000
...center 0.000000 -4.000000 'version 22
...line 0.000000 1.000000 -1.000000 0.000000
...line 1.000000 0.000000 0.000000 1.000000
...line -1.000000 0.000000 1.000000 0.000000
.IE
.IS
...maxx 1.000000
...maxy 1.000000
...minx -1.000000
...miny -4.000000
...center 0.000000 -4.000000 'version 23
...line 0.000000 1.000000 -1.000000 0.000000
...line 1.000000 0.000000 0.000000 1.000000
...line -1.000000 0.000000 1.000000 0.000000
...line 0.000000 1.000000 0.000000 0.000000
.IE
.IS
...maxx 1.000000
...maxy 1.000000
...minx -1.000000
...miny -4.000000
...center 0.000000 -4.000000 'version 24
...line 0.000000 1.000000 -1.000000 0.000000
...line 1.000000 0.000000 0.000000 1.000000
...line -1.000000 0.000000 1.000000 0.000000
...line 0.000000 -1.000000 0.000000 0.000000
.IE
.IS
...maxx 1.000000
...maxy 1.000000
...minx -1.000000
...miny -4.000000
...center 0.000000 -4.000000 'version 25
...line 0.000000 1.000000 -1.000000 0.000000
...line 1.000000 0.000000 0.000000 1.000000
...line -1.000000 0.000000 1.000000 0.000000
...line 0.000000 0.000000 0.000000 1.000000
.IE
.IS
...maxx 1.000000
...maxy 1.000000
...minx -1.000000
...miny -4.000000
...center 0.000000 -4.000000 'version 26
...line 0.000000 1.000000 -1.000000 0.000000
...line 1.000000 0.000000 0.000000 1.000000
...line -1.000000 0.000000 1.000000 0.000000
...line 0.000000 0.000000 0.000000 -1.000000
.IE
.IS
...maxx 1.000000
...maxy 1.000000
...minx -1.000000
...miny -4.000000
...center 0.000000 -4.000000 'version 27
...line 0.000000 1.000000 -1.000000 0.000000
...line 1.000000 0.000000 0.000000 1.000000
...line -1.000000 0.000000 1.000000 0.000000
...line 0.000000 1.000000 0.000000 0.000000
.IE
.IS
...maxx 1.000000
...maxy 1.000000
...minx -1.000000
...miny -4.000000
...center 0.000000 -4.000000 'version 28
...line 0.000000 1.000000 -1.000000 0.000000
...line 1.000000 0.000000 0.000000 1.000000
...line -1.000000 0.000000 1.000000 0.000000
.IE
.IS
...maxx 1.000000
...maxy 1.000000
...minx -1.000000
...miny -4.000000
...center 0.000000 -4.000000 'version 29
...line 0.000000 1.000000 -1.000000 0.000000
...line 1.000000 0.000000 0.000000 1.000000
...line -1.000000 0.000000 1.000000 0.000000
...line 1.000000 0.500000 -1.000000 0.500000
.IE
.IS
...maxx 1.000000
...maxy 1.000000
...minx -1.000000
...miny -4.000000
...center 0.000000 -4.000000 'version 30
...line 0.000000 1.000000 -1.000000 0.000000
...line 1.000000 0.000000 0.000000 1.000000
...line -1.000000 0.000000 1.000000 0.000000
.IE
.IS
...maxx 1.000000
...maxy 1.000000
...minx -1.000000
...miny -4.000000
...center 0.000000 -4.000000 'version 31
...line 0.000000 1.000000 -1.000000 0.000000
...line 1.000000 0.000000 0.000000 1.000000
...line -1.000000 0.000000 1.000000 0.000000
...line -1.000000 0.500000 1.000000 0.500000
.IE
.IS
...maxx 1.000000
...maxy 1.000000
...minx -1.000000
...miny -4.000000
...center 0.000000 -4.000000 'version 32
...line 0.000000 1.000000 -1.000000 0.000000
...line 1.000000 0.000000 0.000000 1.000000
...line -1.000000 0.000000 1.000000 0.000000
.IE
.IS
...maxx 1.000000
...maxy 1.000000
...minx -1.000000
...miny -4.000000
...center 0.000000 -4.000000 'version 33
...line 0.000000 1.000000 -1.000000 0.000000
...line 1.000000 0.000000 0.000000 1.000000
...line -1.000000 0.000000 1.000000 0.000000
...line 0.500000 0.500000 -1.000000 0.500000
.IE
.IS
...maxx 1.000000
...maxy 1.000000
...minx -1.000000
...miny -4.000000
...center 0.000000 -4.000000 'version 34
...line 0.000000 1.000000 -1.000000 0.000000
...line 1.000000 0.000000 0.000000 1.000000
...line -1.000000 0.000000 1.000000 0.000000
.IE
.IS
...maxx 1.000000
...maxy 1.000000
...minx -1.000000
...miny -4.000000
...center 0.000000 -4.000000 'version 35
...line 0.000000 1.000000 -1.000000 0.000000
...line 1.000000 0.000000 0.000000 1.000000
...line -1.000000 0.000000 1.000000 0.000000
...line -1.000000 0.500000 0.500000 0.500000
.IE
.IS
...maxx 1.000000
...maxy 1.000000
...minx -1.000000
...miny -4.000000
...center 0.000000 -4.000000 'version 36
...line 0.000000 1.000000 -1.000000 0.000000
...line 1.000000 0.000000 0.000000 1.000000
...line -1.000000 0.000000 1.000000 0.000000
.IE
.IS
...maxx 1.000000
...maxy 1.000000
...minx -1.000000
...miny -4.000000
...center 0.000000 -4.000000 'version 37
...line 0.000000 1.000000 -1.000000 0.000000
...line 1.000000 0.000000 0.000000 1.000000
...line -1.000000 0.000000 1.000000 0.000000
...line 0.500000 0.500000 -0.500000 0.500000
.IE
.IS
...maxx 1.000000
...maxy 1.000000
...minx -1.000000
...miny -4.000000
...center 0.000000 -4.000000 'version 38
...line 0.000000 1.000000 -1.000000 0.000000
...line 1.000000 0.000000 0.000000 1.000000
...line -1.000000 0.000000 1.000000 0.000000
.IE
.IS
...maxx 1.000000
...maxy 1.000000
...minx -1.000000
...miny -4.000000
...center 0.000000 -4.000000 'version 39
...line 0.000000 1.000000 -1.000000 0.000000
...line 1.000000 0.000000 0.000000 1.000000
...line -1.000000 0.000000 1.000000 0.000000
...line -0.500000 0.500000 0.500000 0.500000
.IE
.IS
...maxx 3.000000
...maxy 1.000000
...minx -3.000000
...miny -4.000000
...center 0.000000 -4.000000 'version 40
...line 0.000000 1.000000 -1.000000 0.000000
...line 1.000000 0.000000 0.000000 1.000000
...line -1.000000 0.000000 1.000000 0.000000
...line -3.000000 -1.000000 3.000000 -1.000000
.IE
.IS
...maxx 1.000000
...maxy 1.000000
...minx -1.000000
...miny -4.000000
...center 0.000000 -4.000000 'version 41
...line 0.000000 1.000000 -1.000000 0.000000
...line 1.000000 0.000000 0.000000 1.000000
...line -1.000000 0.000000 1.000000 0.000000
.IE
.IS
...maxx 3.000000
...maxy 1.000000
...minx -3.000000
...miny -4.000000
...center 0.000000 -4.000000 'version 42
...line 0.000000 1.000000 -1.000000 0.000000
...line 1.000000 0.000000 0.000000 1.000000
...line -1.000000 0.000000 1.000000 0.000000
...line 3.000000 -1.000000 -3.000000 -1.000000
.IE
.IS
...maxx 1.000000
...maxy 1.000000
...minx -1.000000
...miny -4.000000
...center 0.000000 -4.000000 'version 43
...line 0.000000 1.000000 -1.000000 0.000000
...line 1.000000 0.000000 0.000000 1.000000
...line -1.000000 0.000000 1.000000 0.000000
.IE
.IS
...maxx 1.000000
...maxy 1.000000
...minx -1.000000
...miny -4.000000
...center 0.000000 -4.000000 'version 44
...line 0.000000 1.000000 -1.000000 0.000000
...line 1.000000 0.000000 0.000000 1.000000
...line -1.000000 0.000000 1.000000 0.000000
.IE
.IS
...maxx 1.000000
...maxy 1.000000
...minx -1.000000
...miny -4.000000
...center 0.000000 -4.000000 'version 45
...line 0.000000 1.000000 -1.000000 0.000000
...line 1.000000 0.000000 0.000000 1.000000
...line -1.000000 0.000000 1.000000 0.000000
...line 0.250000 0.250000 -0.250000 0.250000
.IE
.IS
...maxx 1.000000
...maxy 1.000000
...minx -1.000000
...miny -4.000000
...center 0.000000 -4.000000 'version 46
...line 0.000000 1.000000 -1.000000 0.000000
...line 1.000000 0.000000 0.000000 1.000000
...line -1.000000 0.000000 1.000000 0.000000
.IE
.IS
...maxx 1.000000
...maxy 1.000000
...minx -1.000000
...miny -4.000000
...center 0.000000 -4.000000 'version 47
...line 0.000000 1.000000 -1.000000 0.000000
...line 1.000000 0.000000 0.000000 1.000000
...line -1.000000 0.000000 1.000000 0.000000
...line -0.250000 0.250000 0.250000 0.250000
.IE
