.IS
...maxx 2.000000
...maxy 2.000000
...minx -2.000000
...miny -2.000000
...line -1.000000 0.500000 -0.500000 0.500000
...line -1.000000 -1.000000 -1.000000 0.500000
...line -0.500000 -1.000000 -1.000000 -1.000000
...line -0.500000 0.500000 -0.500000 -1.000000
...line 2.000000 2.000000 -0.500000 -0.500000
...line -1.000000 -1.000000 -2.000000 -2.000000
.IE
.IS
...maxx -0.500000
...maxy 0.500000
...minx -1.000000
...miny -1.000000
...line -1.000000 0.500000 -0.500000 0.500000
...line -1.000000 -1.000000 -1.000000 0.500000
...line -0.500000 -1.000000 -1.000000 -1.000000
...line -0.500000 0.500000 -0.500000 -1.000000
...line -1.000000 -1.000000 -0.500000 -0.500000
.IE
.IS
...maxx 2.000000
...maxy 1.000000
...minx -2.000000
...miny -1.000000
...line -1.000000 0.500000 -0.500000 0.500000
...line -1.000000 -1.000000 -1.000000 0.500000
...line -0.500000 -1.000000 -1.000000 -1.000000
...line -0.500000 0.500000 -0.500000 -1.000000
...line 2.000000 1.000000 -2.000000 1.000000
...line 2.000000 0.000000 -0.500000 0.000000
...line -1.000000 0.000000 -2.000000 0.000000
...line 2.000000 -1.000000 -0.500000 -1.000000
...line -1.000000 -1.000000 -2.000000 -1.000000
.IE
.IS
...width 0.5
...maxx -0.500000
...maxy 2.000000
...minx -1.000000
...miny -2.000000
...line -1.000000 0.500000 -0.500000 0.500000
...line -1.000000 -1.000000 -1.000000 0.500000
...line -0.500000 -1.000000 -1.000000 -1.000000
...line -0.500000 0.500000 -0.500000 -1.000000
...line -1.000000 2.000000 -1.000000 0.500000
...line -1.000000 -1.000000 -1.000000 -2.000000
.IE
