boxgrid
.nf
.IS
...minx -1.5
...maxy 1.5
...maxx 1.5
...miny -1.5
...maxx 1.000000
...maxy 1.000000
...minx -1.000000
...miny -1.000000
...line 0.800000 1.000000 0.800000 -1.000000
...line 0.400000 1.000000 0.400000 0.250000
...line 0.400000 -0.250000 0.400000 -1.000000
...line 0.000000 1.000000 0.000000 0.750000
...line 0.000000 0.250000 0.000000 -0.250000
...line 0.000000 -0.750000 0.000000 -1.000000
...line -0.400000 1.000000 -0.400000 0.250000
...line -0.400000 -0.250000 -0.400000 -1.000000
...line -0.800000 1.000000 -0.800000 -1.000000
...line 1.000000 0.800000 -1.000000 0.800000
...line 1.000000 0.400000 0.250000 0.400000
...line -0.250000 0.400000 -1.000000 0.400000
...line 1.000000 0.000000 0.750000 0.000000
...line 0.250000 0.000000 -0.250000 0.000000
...line -0.750000 0.000000 -1.000000 0.000000
...line 1.000000 -0.400000 0.250000 -0.400000
...line -0.250000 -0.400000 -1.000000 -0.400000
...line 1.000000 -0.800000 -1.000000 -0.800000
.IE
.IS
.IE
