fan
.nf
.IS
...maxx 4.000000
...maxy 2.000000
...minx 2.000000
...miny 0.000000
...line 4.000000 2.000000 4.000000 0.000000
...line 3.000000 2.000000 4.000000 0.000000
...line 2.000000 2.000000 4.000000 0.000000
...line 4.000000 2.000000 3.000000 0.000000
...line 3.000000 2.000000 3.000000 0.000000
...line 2.000000 2.000000 3.000000 0.000000
...line 4.000000 2.000000 2.000000 0.000000
...line 3.000000 2.000000 2.000000 0.000000
...line 2.000000 2.000000 2.000000 0.000000
.IE
.IS
.IE
