.IS
.IE
.IS
...maxx 1.000000
...maxy 0.000000
...minx -2.000000
...miny 0.000000
...line 1.000000 0.000000 -1.000000 0.000000
...center -2.000000 0.000000 'version 0
.IE
.IS
...maxx -2.000000
...maxy 0.000000
...minx -2.000000
...miny 0.000000
...center -2.000000 0.000000 'version 1
.IE
.IS
...maxx 1.000000
...maxy 0.000000
...minx -2.000000
...miny 0.000000
...line -1.000000 0.000000 1.000000 0.000000
...center -2.000000 0.000000 'version 2
.IE
.IS
...maxx -2.000000
...maxy 0.000000
...minx -2.000000
...miny 0.000000
...center -2.000000 0.000000 'version 3
.IE
.IS
...maxx 0.000000
...maxy 3.000000
...minx -2.000000
...miny -1.000000
...line 0.000000 3.000000 0.000000 2.000000
...line 0.000000 1.000000 0.000000 -1.000000
...center -2.000000 0.000000 'version 4
.IE
.IS
...maxx -2.000000
...maxy 0.000000
...minx -2.000000
...miny 0.000000
...center -2.000000 0.000000 'version 5
.IE
.IS
...maxx 0.000000
...maxy 3.000000
...minx -2.000000
...miny -1.000000
...line 0.000000 -1.000000 0.000000 1.000000
...line 0.000000 2.000000 0.000000 3.000000
...center -2.000000 0.000000 'version 6
.IE
.IS
...maxx -2.000000
...maxy 0.000000
...minx -2.000000
...miny 0.000000
...center -2.000000 0.000000 'version 7
.IE
.IS
...maxx 0.000000
...maxy 1.000000
...minx -2.000000
...miny -1.000000
...line 0.000000 1.000000 0.000000 -1.000000
...center -2.000000 0.000000 'version 8
.IE
.IS
...maxx -2.000000
...maxy 0.000000
...minx -2.000000
...miny 0.000000
...center -2.000000 0.000000 'version 9
.IE
.IS
...maxx 0.000000
...maxy 1.000000
...minx -2.000000
...miny -1.000000
...line 0.000000 -1.000000 0.000000 1.000000
...center -2.000000 0.000000 'version 10
.IE
.IS
...maxx -2.000000
...maxy 0.000000
...minx -2.000000
...miny 0.000000
...center -2.000000 0.000000 'version 11
.IE
.IS
...maxx 0.000000
...maxy 1.000000
...minx -2.000000
...miny -1.000000
...line 0.000000 1.000000 0.000000 -1.000000
...center -2.000000 0.000000 'version 12
.IE
.IS
...maxx -2.000000
...maxy 0.000000
...minx -2.000000
...miny 0.000000
...center -2.000000 0.000000 'version 13
.IE
.IS
...maxx 0.000000
...maxy 1.000000
...minx -2.000000
...miny -1.000000
...line 0.000000 -1.000000 0.000000 1.000000
...center -2.000000 0.000000 'version 14
.IE
.IS
...maxx -2.000000
...maxy 0.000000
...minx -2.000000
...miny 0.000000
...center -2.000000 0.000000 'version 15
.IE
.IS
...maxx 0.000000
...maxy 0.500000
...minx -2.000000
...miny -1.000000
...line 0.000000 0.500000 0.000000 -1.000000
...center -2.000000 0.000000 'version 16
.IE
.IS
...maxx -2.000000
...maxy 0.000000
...minx -2.000000
...miny 0.000000
...center -2.000000 0.000000 'version 17
.IE
.IS
...maxx 0.000000
...maxy 0.500000
...minx -2.000000
...miny -1.000000
...line 0.000000 -1.000000 0.000000 0.500000
...center -2.000000 0.000000 'version 18
.IE
.IS
...maxx -2.000000
...maxy 0.000000
...minx -2.000000
...miny 0.000000
...center -2.000000 0.000000 'version 19
.IE
.IS
...maxx 0.000000
...maxy 1.000000
...minx -2.000000
...miny 0.000000
...line 0.000000 1.000000 0.000000 0.000000
...center -2.000000 0.000000 'version 20
.IE
.IS
...maxx -2.000000
...maxy 0.000000
...minx -2.000000
...miny 0.000000
...center -2.000000 0.000000 'version 21
.IE
.IS
...maxx 0.000000
...maxy 1.000000
...minx -2.000000
...miny 0.000000
...line 0.000000 0.000000 0.000000 1.000000
...center -2.000000 0.000000 'version 22
.IE
.IS
...maxx -2.000000
...maxy 0.000000
...minx -2.000000
...miny 0.000000
...center -2.000000 0.000000 'version 23
.IE
.IS
...maxx 0.000000
...maxy 1.000000
...minx -2.000000
...miny 0.000000
...line 0.000000 1.000000 0.000000 0.000000
...center -2.000000 0.000000 'version 24
.IE
.IS
...maxx -2.000000
...maxy 0.000000
...minx -2.000000
...miny 0.000000
...center -2.000000 0.000000 'version 25
.IE
.IS
...maxx 0.000000
...maxy 1.000000
...minx -2.000000
...miny 0.000000
...line 0.000000 0.000000 0.000000 1.000000
...center -2.000000 0.000000 'version 26
.IE
.IS
...maxx -2.000000
...maxy 0.000000
...minx -2.000000
...miny 0.000000
...center -2.000000 0.000000 'version 27
.IE
.IS
...maxx 1.000000
...maxy 1.000000
...minx -2.000000
...miny 0.000000
...line 1.000000 1.000000 -0.000000 1.000000
...line -1.000000 1.000000 -2.000000 1.000000
...center -2.000000 0.000000 'version 28
.IE
.IS
...maxx -0.000000
...maxy 1.000000
...minx -2.000000
...miny 0.000000
...line -0.000000 1.000000 -1.000000 1.000000
...center -2.000000 0.000000 'version 29
.IE
.IS
...maxx 1.000000
...maxy 1.000000
...minx -2.000000
...miny 0.000000
...line -2.000000 1.000000 -1.000000 1.000000
...line 0.000000 1.000000 1.000000 1.000000
...center -2.000000 0.000000 'version 30
.IE
.IS
...maxx 0.000000
...maxy 1.000000
...minx -2.000000
...miny 0.000000
...line -1.000000 1.000000 0.000000 1.000000
...center -2.000000 0.000000 'version 31
.IE
.IS
...maxx 1.000000
...maxy 1.000000
...minx -2.000000
...miny 0.000000
...line 1.000000 1.000000 0.000000 1.000000
...center -2.000000 0.000000 'version 32
.IE
.IS
...maxx 0.000000
...maxy 1.000000
...minx -2.000000
...miny 0.000000
...line 0.000000 1.000000 -1.000000 1.000000
...center -2.000000 0.000000 'version 33
.IE
.IS
...maxx 1.000000
...maxy 1.000000
...minx -2.000000
...miny 0.000000
...line 0.000000 1.000000 1.000000 1.000000
...center -2.000000 0.000000 'version 34
.IE
.IS
...maxx 0.000000
...maxy 1.000000
...minx -2.000000
...miny 0.000000
...line -1.000000 1.000000 0.000000 1.000000
...center -2.000000 0.000000 'version 35
.IE
.IS
...maxx -2.000000
...maxy 0.000000
...minx -2.000000
...miny 0.000000
...center -2.000000 0.000000 'version 36
.IE
.IS
...maxx 0.000000
...maxy 1.000000
...minx -2.000000
...miny 0.000000
...line 0.000000 1.000000 -1.000000 1.000000
...center -2.000000 0.000000 'version 37
.IE
.IS
...maxx -2.000000
...maxy 0.000000
...minx -2.000000
...miny 0.000000
...center -2.000000 0.000000 'version 38
.IE
.IS
...maxx 0.000000
...maxy 1.000000
...minx -2.000000
...miny 0.000000
...line -1.000000 1.000000 0.000000 1.000000
...center -2.000000 0.000000 'version 39
.IE
.IS
...maxx 1.000000
...maxy 2.000000
...minx -2.000000
...miny 0.000000
...line 1.000000 2.000000 -1.000000 2.000000
...center -2.000000 0.000000 'version 40
.IE
.IS
...maxx -2.000000
...maxy 0.000000
...minx -2.000000
...miny 0.000000
...center -2.000000 0.000000 'version 41
.IE
.IS
...maxx 1.000000
...maxy 2.000000
...minx -2.000000
...miny 0.000000
...line -1.000000 2.000000 1.000000 2.000000
...center -2.000000 0.000000 'version 42
.IE
.IS
...maxx -2.000000
...maxy 0.000000
...minx -2.000000
...miny 0.000000
...center -2.000000 0.000000 'version 43
.IE
.IS
...maxx 0.000000
...maxy 2.000000
...minx -2.000000
...miny 0.000000
...line 0.000000 2.000000 -1.000000 2.000000
...center -2.000000 0.000000 'version 44
.IE
.IS
...maxx -2.000000
...maxy 0.000000
...minx -2.000000
...miny 0.000000
...center -2.000000 0.000000 'version 45
.IE
.IS
...maxx 0.000000
...maxy 2.000000
...minx -2.000000
...miny 0.000000
...line -1.000000 2.000000 0.000000 2.000000
...center -2.000000 0.000000 'version 46
.IE
.IS
...maxx -2.000000
...maxy 0.000000
...minx -2.000000
...miny 0.000000
...center -2.000000 0.000000 'version 47
.IE
