norm
.nf
.IS
...minx -1.5
...maxy 1.5
...maxx 1.5
...miny -1.5
...maxx 0.998749
...maxy 0.000000
...minx 0.000000
...miny -0.998749
...line 0.950000 0.000000 0.950000 -0.312250
...line 0.850000 0.000000 0.850000 -0.526783
...line 0.750000 0.000000 0.750000 -0.661438
...line 0.650000 0.000000 0.650000 -0.759934
...line 0.550000 0.000000 0.550000 -0.835165
...line 0.450000 0.000000 0.450000 -0.893029
...line 0.350000 0.000000 0.350000 -0.936750
...line 0.250000 0.000000 0.250000 -0.968246
...line 0.150000 0.000000 0.150000 -0.988686
...line 0.050000 0.000000 0.050000 -0.998749
...line 0.312250 -0.950000 0.000000 -0.950000
...line 0.526783 -0.850000 0.000000 -0.850000
...line 0.661438 -0.750000 0.000000 -0.750000
...line 0.759934 -0.650000 0.000000 -0.650000
...line 0.835165 -0.550000 0.000000 -0.550000
...line 0.893029 -0.450000 0.000000 -0.450000
...line 0.936750 -0.350000 0.000000 -0.350000
...line 0.968246 -0.250000 0.000000 -0.250000
...line 0.988686 -0.150000 0.000000 -0.150000
...line 0.998749 -0.050000 0.000000 -0.050000
.IE
.IS
.IE
