opqcirc
.nf
.IS
...maxx 4.000000
...maxy 1.000000
...minx -3.000000
...miny -1.000000
...circle 0.000000 0.000000 1.000000
...arc 3.000000 0.000000 4.000000 0.000000 4.000000 -0.000000 0.000000 6.283185 1.000000
...arc 0.500000 0.000000 1.500000 0.000000 0.250000 0.968246 0.000000 1.823477 1.000000
...arc 0.500000 0.000000 0.250000 -0.968246 1.500000 -0.000000 4.459709 6.283185 1.000000
...line 3.000000 0.000000 1.000000 0.000000
...line -1.000000 0.000000 -3.000000 0.000000
.IE
