.IS
.IE

.IS
...maxx 0.000000
...maxy -4.000000
...minx 0.000000
...miny -4.000000
...center 0.000000 -4.000000 'version 0
.IE
.IS
...maxx 0.250000
...maxy 0.750000
...minx -0.250000
...miny -4.000000
...center 0.000000 -4.000000 'version 1
...arc 0.000000 0.500000 0.250000 0.500000 -0.250000 0.500000 0.000000 3.141593 0.250000
.IE
.IS
...maxx 0.500000
...maxy 1.000000
...minx -0.500000
...miny -4.000000
...center 0.000000 -4.000000 'version 2
...arc 0.000000 0.500000 0.500000 0.500000 -0.500000 0.500000 0.000000 3.141593 0.500000
.IE
.IS
...maxx 0.000000
...maxy -4.000000
...minx 0.000000
...miny -4.000000
...center 0.000000 -4.000000 'version 3
.IE
.IS
...maxx 0.750000
...maxy 1.250000
...minx -0.750000
...miny -4.000000
...center 0.000000 -4.000000 'version 4
...arc 0.000000 0.500000 0.750000 0.500000 -0.750000 0.500000 0.000000 3.141593 0.750000
.IE
.IS
...maxx 0.000000
...maxy -4.000000
...minx 0.000000
...miny -4.000000
...center 0.000000 -4.000000 'version 5
.IE
.IS
...maxx 1.000000
...maxy 1.500000
...minx -1.000000
...miny -4.000000
...center 0.000000 -4.000000 'version 6
...arc 0.000000 0.500000 1.000000 0.500000 -1.000000 0.500000 0.000000 3.141593 1.000000
.IE
.IS
...maxx 0.000000
...maxy -4.000000
...minx 0.000000
...miny -4.000000
...center 0.000000 -4.000000 'version 7
.IE
.IS
...maxx 2.000000
...maxy 2.500000
...minx -2.000000
...miny -4.000000
...center 0.000000 -4.000000 'version 8
...arc 0.000000 0.500000 2.000000 0.500000 -2.000000 0.500000 0.000000 3.141593 2.000000
.IE
.IS
...maxx 0.000000
...maxy -4.000000
...minx 0.000000
...miny -4.000000
...center 0.000000 -4.000000 'version 9
.IE
.IS
...maxx 1.500000
...maxy 1.500000
...minx 0.000000
...miny -4.000000
...center 0.000000 -4.000000 'version 10
...arc 1.000000 1.000000 1.500000 1.000000 0.500000 1.000000 0.000000 3.141593 0.500000
.IE
.IS
...maxx 0.000000
...maxy -4.000000
...minx 0.000000
...miny -4.000000
...center 0.000000 -4.000000 'version 11
.IE
.IS
...maxx 1.250000
...maxy 1.250000
...minx 0.000000
...miny -4.000000
...center 0.000000 -4.000000 'version 12
...arc 1.000000 1.000000 1.250000 1.000000 0.750000 1.000000 0.000000 3.141593 0.250000
.IE
.IS
...maxx 0.000000
...maxy -4.000000
...minx 0.000000
...miny -4.000000
...center 0.000000 -4.000000 'version 13
.IE
.IS
...maxx 3.000000
...maxy 1.000000
...minx 0.000000
...miny -4.000000
...center 0.000000 -4.000000 'version 14
...arc 2.000000 0.000000 3.000000 0.000000 1.000000 0.000000 0.000000 3.141593 1.000000
.IE
.IS
...maxx 0.000000
...maxy -4.000000
...minx 0.000000
...miny -4.000000
...center 0.000000 -4.000000 'version 15
.IE
.IS
...maxx 3.500000
...maxy 1.500000
...minx 0.000000
...miny -4.000000
...center 0.000000 -4.000000 'version 16
...arc 2.000000 0.000000 3.500000 0.000000 0.564586 0.435414 0.000000 2.847077 1.500000
.IE
.IS
...maxx 3.500000
...maxy 1.500000
...minx 0.000000
...miny -4.000000
...center 0.000000 -4.000000 'version 17
...arc 2.000000 0.000000 0.564586 0.435414 0.500000 -0.000000 2.847077 3.141593 1.500000
.IE
