.IS
.IE

.IS
...maxx 0.000000
...maxy -4.000000
...minx 0.000000
...miny -4.000000
...center 0.000000 -4.000000 'version 0
.IE
.IS
...maxx 0.250000
...maxy 0.750000
...minx -0.250000
...miny -4.000000
...center 0.000000 -4.000000 'version 1
...arc 0.000000 0.500000 -0.250000 0.500000 0.250000 0.500000 3.141593 6.283185 0.250000
.IE
.IS
...maxx 0.000000
...maxy -4.000000
...minx 0.000000
...miny -4.000000
...center 0.000000 -4.000000 'version 2
.IE
.IS
...maxx 0.500000
...maxy 1.000000
...minx -0.500000
...miny -4.000000
...center 0.000000 -4.000000 'version 3
...arc 0.000000 0.500000 -0.500000 0.500000 0.000000 0.000000 3.141593 4.712389 0.500000
...arc 0.000000 0.500000 0.000000 0.000000 0.500000 0.500000 4.712389 6.283185 0.500000
.IE
.IS
...maxx 0.750000
...maxy 1.250000
...minx -0.750000
...miny -4.000000
...center 0.000000 -4.000000 'version 4
...arc 0.000000 0.500000 -0.750000 0.500000 -0.717707 0.282293 3.141593 3.436108 0.750000
...arc 0.000000 0.500000 -0.559017 0.000000 0.559017 0.000000 3.871320 5.553458 0.750000
...arc 0.000000 0.500000 0.717707 0.282293 0.750000 0.500000 5.988670 6.283185 0.750000
.IE
.IS
...maxx 0.750000
...maxy 1.250000
...minx -0.750000
...miny -4.000000
...center 0.000000 -4.000000 'version 5
...arc 0.000000 0.500000 -0.717707 0.282293 -0.559017 0.000000 3.436108 3.871320 0.750000
...arc 0.000000 0.500000 0.559017 0.000000 0.717707 0.282293 5.553458 5.988670 0.750000
.IE
.IS
...maxx 1.000000
...maxy 1.500000
...minx -1.000000
...miny -4.000000
...center 0.000000 -4.000000 'version 6
...arc 0.000000 0.500000 -1.000000 0.500000 -0.911438 0.088562 3.141593 3.565624 1.000000
...arc 0.000000 0.500000 -0.866025 0.000000 0.866025 -0.000000 3.665191 5.759586 1.000000
...arc 0.000000 0.500000 0.911438 0.088562 1.000000 0.500000 5.859154 6.283185 1.000000
.IE
.IS
...maxx 1.000000
...maxy 1.500000
...minx -1.000000
...miny -4.000000
...center 0.000000 -4.000000 'version 7
...arc 0.000000 0.500000 -0.911438 0.088562 -0.866025 0.000000 3.565624 3.665191 1.000000
...arc 0.000000 0.500000 0.866025 -0.000000 0.911438 0.088562 5.759586 5.859154 1.000000
.IE
.IS
...maxx 2.000000
...maxy 2.500000
...minx -2.000000
...miny -4.000000
...center 0.000000 -4.000000 'version 8
...arc 0.000000 0.500000 -2.000000 0.500000 2.000000 0.499999 3.141593 6.283185 2.000000
.IE
.IS
...maxx 0.000000
...maxy -4.000000
...minx 0.000000
...miny -4.000000
...center 0.000000 -4.000000 'version 9
.IE
.IS
...maxx 1.500000
...maxy 1.500000
...minx 0.000000
...miny -4.000000
...center 0.000000 -4.000000 'version 10
...arc 1.000000 1.000000 0.500000 1.000000 1.500000 1.000000 3.141593 6.283185 0.500000
.IE
.IS
...maxx 0.000000
...maxy -4.000000
...minx 0.000000
...miny -4.000000
...center 0.000000 -4.000000 'version 11
.IE
.IS
...maxx 1.250000
...maxy 1.250000
...minx 0.000000
...miny -4.000000
...center 0.000000 -4.000000 'version 12
...arc 1.000000 1.000000 0.750000 1.000000 1.250000 1.000000 3.141593 6.283185 0.250000
.IE
.IS
...maxx 0.000000
...maxy -4.000000
...minx 0.000000
...miny -4.000000
...center 0.000000 -4.000000 'version 13
.IE
.IS
...maxx 3.000000
...maxy 1.000000
...minx 0.000000
...miny -4.000000
...center 0.000000 -4.000000 'version 14
...arc 2.000000 0.000000 1.000000 0.000000 3.000000 -0.000000 3.141593 6.283185 1.000000
.IE
.IS
...maxx 0.000000
...maxy -4.000000
...minx 0.000000
...miny -4.000000
...center 0.000000 -4.000000 'version 15
.IE
.IS
...maxx 3.500000
...maxy 1.500000
...minx 0.000000
...miny -4.000000
...center 0.000000 -4.000000 'version 16
...arc 2.000000 0.000000 0.500000 -0.000000 3.500000 -0.000000 3.141593 6.283185 1.500000
.IE
.IS
...maxx 0.000000
...maxy -4.000000
...minx 0.000000
...miny -4.000000
...center 0.000000 -4.000000 'version 17
.IE
