pen
.nf
.IS
...maxx 3.000000
...maxy -3.500000
...minx 0.000000
...miny -4.500000
...line 3.000000 -3.500000 2.000000 -3.500000
...line 2.000000 -3.500000 1.985355 -3.585355
...line 1.985355 -3.585355 1.814645 -3.614645
...line 1.814645 -3.614645 1.800000 -3.700000
...line 1.800000 -3.700000 1.785355 -3.785355
...line 1.785355 -3.785355 1.614645 -3.814645
...line 1.614645 -3.814645 1.600000 -3.900000
...line 1.600000 -3.900000 1.585355 -3.985355
...line 1.585355 -3.985355 1.414645 -4.014645
...line 1.414645 -4.014645 1.400000 -4.100000
...line 1.400000 -4.100000 1.385355 -4.185355
...line 1.385355 -4.185355 1.214645 -4.214645
...line 1.214645 -4.214645 1.200000 -4.300000
...line 1.200000 -4.300000 1.185355 -4.385356
...line 1.185355 -4.385356 1.014645 -4.414645
...line 1.014645 -4.414645 1.000000 -4.500000
...line 1.000000 -4.500000 0.000000 -4.500000
.IE
.IS
.IE
