pents
.nf
.IS
...maxx 4.155251
...maxy 1.606763
...minx 0.762236
...miny -0.202254
...line 3.204195 1.606763 4.155251 0.915780
...line 4.155251 0.915780 3.791980 -0.202254
...line 3.791980 -0.202254 2.616409 -0.202254
...line 2.616409 -0.202254 2.253138 0.915780
...line 2.253138 0.915780 3.204195 1.606763
...line 2.175570 1.154509 2.309826 1.056966
...line 2.531344 -0.202254 1.734732 -0.202254
...line 1.734732 -0.202254 1.462278 0.636271
...line 1.462278 0.636271 2.175570 1.154509
...line 1.440839 0.702254 1.445353 0.698975
...line 1.670933 -0.202254 1.146946 -0.202254
...line 1.146946 -0.202254 0.965311 0.356763
...line 0.965311 0.356763 1.440839 0.702254
...line 1.104414 -0.202254 0.853054 -0.202254
...line 0.853054 -0.202254 0.762236 0.077254
...line 0.762236 0.077254 0.965590 0.225000
.IE
.IS
.IE
