rect
.nf
.IS
...maxx 5.500000
...maxy 0.250000
...minx 4.000000
...miny -1.500000
...spline 5.500000 -1.000000
...knot 5.350000 -1.500000
...knot 4.000000 -1.000000
...knot 4.100000 -1.500000
...knot 5.500000 0.000000
...knot 5.350000 0.250000
...knot 4.000000 0.000000
...knot 4.100000 0.250000
...endspline
...line 4.000000 -1.000000 4.000000 0.000000
...line 4.000000 0.000000 5.500000 0.000000
...line 5.500000 0.000000 5.500000 -1.000000
...line 5.500000 -1.000000 4.000000 -1.000000
...line 4.100000 -1.500000 4.100000 -1.000000
...line 4.100000 0.000000 4.100000 0.250000
...line 4.100000 0.250000 5.350000 0.250000
...line 5.350000 0.250000 5.350000 -0.000000
...line 5.350000 -1.000000 5.350000 -1.500000
...line 5.350000 -1.500000 4.100000 -1.500000
.IE
