h28111
s 00011/00000/00000
d D 5.1 90/06/25 15:36:31 bostic 1 0
c date and time created 90/06/25 15:36:31 by bostic
e
u
U
t
T
I 1
reading symbolic information ...
[1] stop at 6
[1] stopped in program at line 6
    6       write(output, a);
'blah                                                                                                ' 
'xlah                                                                                                ' 
'xyzzy' 
xyzzyexecution completed
'xyzzy' 

E 1
