h22071
s 00011/00000/00000
d D 5.1 90/06/25 15:36:41 bostic 1 0
c date and time created 90/06/25 15:36:41 by bostic
e
u
U
t
T
I 1
reading symbolic information ...
[1] stop at 4
[1] stopped in program at line 4
    4       b := true;
false 
stopped in program at line 5
    5       b := false;
true 
false 
true 

E 1
