h22274
s 00012/00000/00000
d D 5.1 90/06/25 15:36:51 bostic 1 0
c date and time created 90/06/25 15:36:51 by bostic
e
u
U
t
T
I 1
reading symbolic information ...
const PI = 3.14159;
const N = 10;
const MESSAGE = 'this is a test';
const CH = 'x';
const R = RED;
p.R = RED 
CH = 'x' 
MESSAGE = 'this is a test' 
N = 10 
PI = 3.14159 

E 1
