h27285
s 00011/00000/00000
d D 5.1 90/06/25 15:36:58 bostic 1 0
c date and time created 90/06/25 15:36:58 by bostic
e
u
U
t
T
I 1
reading symbolic information ...
type Color = (RED, GREEN, BLUE);
var c1 : Color;
[1] stop in P
[1] stopped in P at line 8
    8   begin
P(c = RED), line 8 in "enum.p"
program(), line 15 in "enum.p"
main(0x1, 0x7fffe7e8, 0x7fffe7f0) at 0x105
RED 
BLUE GREEN 
E 1
