h28721
s 00017/00000/00000
d D 5.1 90/06/25 15:37:15 bostic 1 0
c date and time created 90/06/25 15:37:15 by bostic
e
u
U
t
T
I 1
reading symbolic information ...
p.i p.nestedp.i nested.i
p.j p.nestedp.j
[1] stop at 18
[1] stopped in nestedp at line 18
   18   	j := i;
p.k
6 4 3 3 4 
stopped in nestedp at line 19
   19       end;
stopped in p at line 24
   24       i := j;
3 6 3 

execution completed
6 

E 1
