h28048
s 00013/00000/00000
d D 5.1 90/06/25 15:37:28 bostic 1 0
c date and time created 90/06/25 15:37:28 by bostic
e
u
U
t
T
I 1
reading symbolic information ...
type Rec = record
    charValue : char;
    intValue : integer;
    subrange : 0..1000;
    realValue : real;
end;
var r : Rec;

execution completed
(charValue = 'c', intValue = 3, subrange = 10, realValue = 3.4) 
3.4 10 3 'c' 

E 1
