h18337
s 00009/00000/00000
d D 5.1 90/06/25 15:39:26 bostic 1 0
c date and time created 90/06/25 15:39:26 by bostic
e
u
U
t
T
I 1
reading symbolic information ...
[1] stop in main
[1] stopped in main at line 9
    9   }
127 
"vm_sw.o" 
"vm_swap.o" 
"vm_swp.o" 

E 1
