h48044
s 00035/00000/00000
d D 5.1 90/06/25 15:39:33 bostic 1 0
c date and time created 90/06/25 15:39:33 by bostic
e
u
U
t
T
I 1
reading symbolic information ...
[1] stop at 20
[1] stopped in $b1 at line 20
   20   	j = j + i;
$b1, line 20 in "dump.c"
sub(), line 20 in "dump.c"
main(0x1, 0x7fffebe8, 0x7fffebf0), line 10 in "dump.c"
----- 
$b1, line 20 in "dump.c"
j = 0
----- 
sub(), line 20 in "dump.c"
i = 1
j = 0
----- 
main(0x1, 0x7fffebe8, 0x7fffebf0), line 10 in "dump.c"
----- 
$b1, line 20 in "dump.c"
j = 0

sub(), line 20 in "dump.c"
i = 1
j = 0

main(0x1, 0x7fffebe8, 0x7fffebf0), line 10 in "dump.c"

in "":
_lg_flag = 1
_dbargs = 0
mcount = 5
errno = 0
environ = 2147478512
dump.i = 3


E 1
