h36398
s 00019/00000/00000
d D 5.1 90/06/25 15:39:39 bostic 1 0
c date and time created 90/06/25 15:39:39 by bostic
e
u
U
t
T
I 1
reading symbolic information ...
[1] stop in main
[1] stopped in main at line 16
   16       y = 3.0;
stopped in main at line 16
   16       y = 3.0;
stopped in main at line 17
   17       x = f(y);
3.0 
5.0 
10.5 
[3] stop in f
[3] stopped in f at line 8
    8       return 3.14*x;
f(x = 3.0), line 8 in "float.c"
main(0x1, 0x7fffebe8, 0x7fffebf0), line 17 in "float.c"

execution completed

E 1
