h22249
s 00018/00000/00000
d D 5.1 90/06/25 15:39:41 bostic 1 0
c date and time created 90/06/25 15:39:41 by bostic
e
u
U
t
T
I 1
reading symbolic information ...
99 
99 
'c' 
'c' 
[1] stop at 14
[1] stopped in main at line 14
   14   }
0x7fffebb4 
(a = 3, b = 4) 
(a = 3, b = 4) 
(a = 3, b = 4) 
(a = 3, b = 4) 
(a = 3, b = 4) 
(a = 3, b = 4) 
4 
0x7fffebb8 

E 1
