h28805
s 00008/00000/00000
d D 5.1 90/06/25 15:39:50 bostic 1 0
c date and time created 90/06/25 15:39:50 by bostic
e
u
U
t
T
I 1
reading symbolic information ...
source file "same.c"
[1] stop in same.same
[1] stopped in same.same at line 10
   10       printf("same function and module names\n");
same.same(), line 10 in "same.c"
main(0x1, 0x7fffebe8, 0x7fffebf0), line 15 in "same.c"

E 1
