h14760
s 00005/00000/00000
d D 5.1 90/06/25 15:39:54 bostic 1 0
c date and time created 90/06/25 15:39:54 by bostic
e
u
U
t
T
I 1
reading symbolic information ...
about to sleepdone

execution completed

E 1
