h27068
s 00008/00000/00000
d D 5.1 90/06/25 15:39:56 bostic 1 0
c date and time created 90/06/25 15:39:56 by bostic
e
u
U
t
T
I 1
reading symbolic information ...
[using memory image in strings.core]
kill(0x4129, 0x4) at 0x110
abort() at 0x100
f(s = "parameter test"), line 15 in "strings.c"
main(0x1, 0x7fffe918, 0x7fffe920), line 9 in "strings.c"
"this is a test" 

E 1
