arcs
.nf
.IS
...maxx 6.000000
...maxy 1.500000
...minx -1.500000
...miny -7.414214
...arc 0.000000 0.000000 1.500000 0.000000 0.810453 1.262206 0.000000 1.000000 1.500000
...arc 0.000000 0.000000 0.675378 1.051839 1.096978 0.599282 1.000000 6.783185 1.250000
...arc 0.000000 0.000000 0.877583 0.479426 1.000000 0.000000 0.500000 6.283185 1.000000
...arc 0.000000 0.000000 0.658187 0.359569 0.750000 0.000000 0.500000 6.283185 0.750000
...arc 0.000000 0.000000 0.270151 0.420735 0.438791 0.239713 1.000000 6.783185 0.500000
...arc 0.000000 0.000000 0.250000 0.000000 0.135076 0.210368 0.000000 1.000000 0.250000
...arc 3.000000 -6.000000 4.000000 -5.000000 4.414214 -6.000000 0.785398 6.283185 1.414214
...arc 4.500000 -3.000000 4.000624 -1.908843 3.312009 -2.830656 2.000000 3.000000 1.200000
...arc 0.000000 -3.000000 1.000000 -3.000000 0.000000 -4.000000 0.000000 4.712389 1.000000
...arc 5.000000 0.000000 4.000000 -0.000000 6.000000 0.000000 3.141593 6.283185 1.000000
.IE
