arrow
.nf
.IS
...maxx 2.000000
...maxy 0.000000
...minx 0.000000
...miny -2.346782
...line 0.294452 -2.346782 0.100000 -2.300000
...line 0.270578 -2.195582 0.100000 -2.300000
...line 0.100000 -2.300000 2.000000 -2.000000
...line 0.519755 -1.339159 1.000000 -1.200000
...line 0.758816 -1.637984 1.000000 -1.200000
...line 1.000000 -1.200000 0.000000 -2.000000
...line 0.904329 -0.769030 1.000000 -1.000000
...line 0.769030 -0.904329 1.000000 -1.000000
...line 1.000000 -1.000000 0.000000 0.000000
.IE
.IS
.IE
