.IS
.IE
.IS
...maxx 0.000000
...maxy -4.000000
...minx 0.000000
...miny -4.000000
...center 0.000000 -4.000000 'version 0
.IE
.IS
...maxx 0.500000
...maxy 1.000000
...minx -0.500000
...miny -4.000000
...center 0.000000 -4.000000 'version 1
...arc 0.000000 0.500000 0.000000 1.000000 0.000000 0.000000 1.570796 4.712389 0.500000
.IE
.IS
...maxx 0.750000
...maxy 1.250000
...minx -0.750000
...miny -4.000000
...center 0.000000 -4.000000 'version 2
...arc 0.000000 0.500000 0.750000 0.500000 -0.000000 1.250000 0.000000 1.570796 0.750000
...arc 0.000000 0.500000 -0.726184 0.312500 0.750000 0.500000 3.394273 6.283185 0.750000
.IE
.IS
...maxx 0.750000
...maxy 1.250000
...minx -0.750000
...miny -4.000000
...center 0.000000 -4.000000 'version 3
...arc 0.000000 0.500000 -0.000000 1.250000 -0.726184 0.312500 1.570796 3.394273 0.750000
.IE
.IS
...maxx 0.250000
...maxy -0.250000
...minx -0.250000
...miny -4.000000
...center 0.000000 -4.000000 'version 4
...arc 0.000000 -0.500000 0.250000 -0.500000 0.250000 -0.500000 0.000000 6.283185 0.250000
.IE
.IS
...maxx 0.000000
...maxy -4.000000
...minx 0.000000
...miny -4.000000
...center 0.000000 -4.000000 'version 5
.IE
.IS
...maxx 0.500000
...maxy 0.000000
...minx -0.500000
...miny -4.000000
...center 0.000000 -4.000000 'version 6
...arc 0.000000 -0.500000 0.500000 -0.500000 0.500000 -0.500000 0.000000 6.283185 0.500000
.IE
.IS
...maxx 0.000000
...maxy -4.000000
...minx 0.000000
...miny -4.000000
...center 0.000000 -4.000000 'version 7
.IE
.IS
...maxx 0.500000
...maxy 1.500000
...minx -0.500000
...miny -4.000000
...center 0.000000 -4.000000 'version 8
...arc 0.000000 1.000000 0.500000 1.000000 -0.000000 1.500000 0.000000 1.570796 0.500000
...arc 0.000000 1.000000 0.433013 0.750000 0.500000 1.000000 5.759586 6.283185 0.500000
.IE
.IS
...maxx 0.500000
...maxy 1.500000
...minx -0.500000
...miny -4.000000
...center 0.000000 -4.000000 'version 9
...arc 0.000000 1.000000 -0.000000 1.500000 0.433013 0.750000 1.570796 5.759586 0.500000
.IE
.IS
...maxx 1.000000
...maxy 2.000000
...minx -1.000000
...miny -4.000000
...center 0.000000 -4.000000 'version 10
...arc 0.000000 1.000000 1.000000 1.000000 -0.000000 2.000000 0.000000 1.570796 1.000000
...arc 0.000000 1.000000 0.000000 0.000000 1.000000 1.000000 4.712389 6.283185 1.000000
.IE
.IS
...maxx 0.000000
...maxy -4.000000
...minx 0.000000
...miny -4.000000
...center 0.000000 -4.000000 'version 11
.IE
.IS
...maxx 0.000000
...maxy -4.000000
...minx 0.000000
...miny -4.000000
...center 0.000000 -4.000000 'version 12
.IE
.IS
...maxx 0.000000
...maxy 1.750000
...minx -0.750000
...miny -4.000000
...center 0.000000 -4.000000 'version 13
...arc -0.500000 1.500000 -0.250000 1.500000 -0.250000 1.500000 0.000000 6.283185 0.250000
.IE
