circles
.nf
.IS
...maxx 6.302776
...maxy 6.302776
...minx -1.414214
...miny -2.500000
...circle 0.000000 0.000000 1.414214
...circle 4.500000 3.000000 1.802776
...circle 3.000000 4.500000 1.802776
...circle 2.050000 1.136957 1.189609
...circle 2.000000 0.000000 1.708801
...circle 4.000000 0.000000 1.414214
...circle 3.000000 0.000000 1.000000
...circle 4.000000 -2.000000 0.500000
.IE
