rotsq
.nf
.IS
...maxx 3.500000
...maxy -2.000000
...minx 1.500000
...miny -4.000000
...line 2.500000 -2.000000 1.500000 -3.000000
...line 1.500000 -3.000000 2.500000 -4.000000
...line 2.500000 -4.000000 3.500000 -3.000000
...line 3.500000 -3.000000 2.500000 -2.000000
...line 3.000000 -3.500000 2.000000 -2.500000
.IE
.IS
.IE
